[0.037s] Invoking command in '/home/mo/mosey/build/talon_controller': CMAKE_PREFIX_PATH=${CMAKE_PREFIX_PATH}:/opt/ros/lyrical /usr/bin/cmake --build /home/mo/mosey/build/talon_controller -- -j4 -l4
[0.219s] [100%] Built target talon_controller
[0.252s] Invoked command in '/home/mo/mosey/build/talon_controller' returned '0': CMAKE_PREFIX_PATH=${CMAKE_PREFIX_PATH}:/opt/ros/lyrical /usr/bin/cmake --build /home/mo/mosey/build/talon_controller -- -j4 -l4
[0.282s] Invoking command in '/home/mo/mosey/build/talon_controller': CMAKE_PREFIX_PATH=${CMAKE_PREFIX_PATH}:/opt/ros/lyrical /usr/bin/cmake --install /home/mo/mosey/build/talon_controller
[0.305s] -- Install configuration: ""
[0.305s] -- Installing: /home/mo/mosey/install/talon_controller/lib/talon_controller/talon_controller
[0.319s] -- Installing: /home/mo/mosey/install/talon_controller/lib/talon_controller/libCTRE_Phoenix.so
[0.321s] -- Installing: /home/mo/mosey/install/talon_controller/lib/talon_controller/libCTRE_PhoenixCCI.so
[0.323s] -- Installing: /home/mo/mosey/install/talon_controller/lib/talon_controller/libCTRE_PhoenixTools.so
[0.334s] -- Installing: /home/mo/mosey/install/talon_controller/share/ament_index/resource_index/package_run_dependencies/talon_controller
[0.335s] -- Installing: /home/mo/mosey/install/talon_controller/share/ament_index/resource_index/parent_prefix_path/talon_controller
[0.336s] -- Installing: /home/mo/mosey/install/talon_controller/share/talon_controller/environment/ament_prefix_path.sh
[0.336s] -- Installing: /home/mo/mosey/install/talon_controller/share/talon_controller/environment/ament_prefix_path.dsv
[0.337s] -- Installing: /home/mo/mosey/install/talon_controller/share/talon_controller/environment/path.sh
[0.337s] -- Installing: /home/mo/mosey/install/talon_controller/share/talon_controller/environment/path.dsv
[0.337s] -- Installing: /home/mo/mosey/install/talon_controller/share/talon_controller/local_setup.bash
[0.338s] -- Installing: /home/mo/mosey/install/talon_controller/share/talon_controller/local_setup.fish
[0.338s] -- Installing: /home/mo/mosey/install/talon_controller/share/talon_controller/local_setup.sh
[0.339s] -- Installing: /home/mo/mosey/install/talon_controller/share/talon_controller/local_setup.zsh
[0.339s] -- Installing: /home/mo/mosey/install/talon_controller/share/talon_controller/local_setup.dsv
[0.340s] -- Installing: /home/mo/mosey/install/talon_controller/share/talon_controller/package.dsv
[0.341s] -- Installing: /home/mo/mosey/install/talon_controller/share/ament_index/resource_index/packages/talon_controller
[0.341s] -- Installing: /home/mo/mosey/install/talon_controller/share/talon_controller/cmake/talon_controllerConfig.cmake
[0.341s] -- Installing: /home/mo/mosey/install/talon_controller/share/talon_controller/cmake/talon_controllerConfig-version.cmake
[0.342s] -- Installing: /home/mo/mosey/install/talon_controller/share/talon_controller/package.xml
[0.347s] Invoked command in '/home/mo/mosey/build/talon_controller' returned '0': CMAKE_PREFIX_PATH=${CMAKE_PREFIX_PATH}:/opt/ros/lyrical /usr/bin/cmake --install /home/mo/mosey/build/talon_controller
