[0.037s] Invoking command in '/home/mo/mosey/src/talon_controller/build/talon_controller': CMAKE_PREFIX_PATH=/opt/ros/lyrical /usr/bin/cmake --build /home/mo/mosey/src/talon_controller/build/talon_controller -- -j4 -l4
[0.110s] -- Found ament_cmake: 2.8.7 (/opt/ros/lyrical/share/ament_cmake/cmake)
[0.868s] [31mCMake Error at CMakeLists.txt:12 (target_include_directories):
[0.868s]   Cannot specify include directories for target "talon_controller" which is
[0.869s]   not built by this project.
[0.869s] 
[0.869s] [0m
[0.870s] -- Found ament_lint_auto: 0.20.6 (/opt/ros/lyrical/share/ament_lint_auto/cmake)
[1.341s] -- Added test 'cppcheck' to perform static code analysis on C / C++ code
[1.341s] -- Configured cppcheck include dirs: 
[1.341s] -- Configured cppcheck exclude dirs and/or files: 
[1.352s] -- Added test 'flake8' to check Python code syntax and style conventions
[1.352s] -- Configured 'flake8' exclude dirs and/or files: 
[1.373s] -- Added test 'lint_cmake' to check CMake code style
[1.384s] -- Added test 'pep257' to check Python code against some of the docstring style conventions in PEP 257
[1.462s] -- Added test 'uncrustify' to check C / C++ code style
[1.463s] -- Configured uncrustify additional arguments: 
[1.473s] -- Added test 'xmllint' to check XML markup files
[1.476s] -- Configuring incomplete, errors occurred!
[1.485s] gmake: *** [Makefile:267: cmake_check_build_system] Error 1
[1.491s] Invoked command in '/home/mo/mosey/src/talon_controller/build/talon_controller' returned '2': CMAKE_PREFIX_PATH=/opt/ros/lyrical /usr/bin/cmake --build /home/mo/mosey/src/talon_controller/build/talon_controller -- -j4 -l4
