[0.035s] Invoking command in '/home/mo/mosey/src/talon_controller/build/talon_controller': CMAKE_PREFIX_PATH=/opt/ros/lyrical /usr/bin/cmake /home/mo/mosey/src/talon_controller -DCMAKE_INSTALL_PREFIX=/home/mo/mosey/src/talon_controller/install/talon_controller
[0.079s] -- Found ament_cmake: 2.8.7 (/opt/ros/lyrical/share/ament_cmake/cmake)
[0.841s] -- Found ament_lint_auto: 0.20.6 (/opt/ros/lyrical/share/ament_lint_auto/cmake)
[1.307s] -- Added test 'cppcheck' to perform static code analysis on C / C++ code
[1.307s] -- Configured cppcheck include dirs: $<BUILD_INTERFACE:/home/mo/mosey/src/talon_controller/include>
[1.307s] -- Configured cppcheck exclude dirs and/or files: 
[1.317s] -- Added test 'flake8' to check Python code syntax and style conventions
[1.317s] -- Configured 'flake8' exclude dirs and/or files: 
[1.336s] -- Added test 'lint_cmake' to check CMake code style
[1.345s] -- Added test 'pep257' to check Python code against some of the docstring style conventions in PEP 257
[1.415s] -- Added test 'uncrustify' to check C / C++ code style
[1.415s] -- Configured uncrustify additional arguments: 
[1.425s] -- Added test 'xmllint' to check XML markup files
[1.427s] -- Configuring done (1.4s)
[1.445s] -- Generating done (0.0s)
[1.450s] -- Build files have been written to: /home/mo/mosey/src/talon_controller/build/talon_controller
[1.458s] Invoked command in '/home/mo/mosey/src/talon_controller/build/talon_controller' returned '0': CMAKE_PREFIX_PATH=/opt/ros/lyrical /usr/bin/cmake /home/mo/mosey/src/talon_controller -DCMAKE_INSTALL_PREFIX=/home/mo/mosey/src/talon_controller/install/talon_controller
[1.462s] Invoking command in '/home/mo/mosey/src/talon_controller/build/talon_controller': CMAKE_PREFIX_PATH=/opt/ros/lyrical /usr/bin/cmake --build /home/mo/mosey/src/talon_controller/build/talon_controller -- -j4 -l4
[1.601s] [ 50%] [32mBuilding CXX object CMakeFiles/talon_controller.dir/src/talon_controller.cpp.o[0m
[1.636s] [01m[K/home/mo/mosey/src/talon_controller/src/talon_controller.cpp:2:10:[m[K [01;31m[Kfatal error: [m[Kctre/Phoenix.h: No such file or directory
[1.637s]     2 | #include [01;31m[K"ctre/Phoenix.h"[m[K
[1.637s]       |          [01;31m[K^~~~~~~~~~~~~~~~[m[K
[1.637s] compilation terminated.
[1.639s] gmake[2]: *** [CMakeFiles/talon_controller.dir/build.make:79: CMakeFiles/talon_controller.dir/src/talon_controller.cpp.o] Error 1
[1.639s] gmake[1]: *** [CMakeFiles/Makefile2:153: CMakeFiles/talon_controller.dir/all] Error 2
[1.639s] gmake: *** [Makefile:146: all] Error 2
[1.646s] Invoked command in '/home/mo/mosey/src/talon_controller/build/talon_controller' returned '2': CMAKE_PREFIX_PATH=/opt/ros/lyrical /usr/bin/cmake --build /home/mo/mosey/src/talon_controller/build/talon_controller -- -j4 -l4
