-- The C compiler identification is GNU 15.2.0
-- The CXX compiler identification is GNU 15.2.0
-- Detecting C compiler ABI info
-- Detecting C compiler ABI info - done
-- Check for working C compiler: /usr/bin/cc - skipped
-- Detecting C compile features
-- Detecting C compile features - done
-- Detecting CXX compiler ABI info
-- Detecting CXX compiler ABI info - done
-- Check for working CXX compiler: /usr/bin/c++ - skipped
-- Detecting CXX compile features
-- Detecting CXX compile features - done
-- Found ament_cmake: 2.8.7 (/opt/ros/lyrical/share/ament_cmake/cmake)
-- Found ament_lint_auto: 0.20.6 (/opt/ros/lyrical/share/ament_lint_auto/cmake)
-- Added test 'cppcheck' to perform static code analysis on C / C++ code
-- Configured cppcheck include dirs: $<BUILD_INTERFACE:/home/mo/mosey/src/cpp_joystick/include>
-- Configured cppcheck exclude dirs and/or files: 
-- Added test 'lint_cmake' to check CMake code style
-- Added test 'uncrustify' to check C / C++ code style
-- Configured uncrustify additional arguments: 
-- Added test 'xmllint' to check XML markup files
-- Configuring done (0.9s)
-- Generating done (0.0s)
-- Build files have been written to: /home/mo/mosey/build/cpp_joystick
[ 50%] [32mBuilding CXX object CMakeFiles/joystick_publisher.dir/src/joystick_publisher.cpp.o[0m
[100%] [1m[32mLinking CXX executable joystick_publisher[0m
[100%] Built target joystick_publisher
-- Install configuration: ""
-- Installing: /home/mo/mosey/install/cpp_joystick/lib/cpp_joystick/joystick_publisher
-- Installing: /home/mo/mosey/install/cpp_joystick/share/ament_index/resource_index/package_run_dependencies/cpp_joystick
-- Installing: /home/mo/mosey/install/cpp_joystick/share/ament_index/resource_index/parent_prefix_path/cpp_joystick
-- Installing: /home/mo/mosey/install/cpp_joystick/share/cpp_joystick/environment/ament_prefix_path.sh
-- Installing: /home/mo/mosey/install/cpp_joystick/share/cpp_joystick/environment/ament_prefix_path.dsv
-- Installing: /home/mo/mosey/install/cpp_joystick/share/cpp_joystick/environment/path.sh
-- Installing: /home/mo/mosey/install/cpp_joystick/share/cpp_joystick/environment/path.dsv
-- Installing: /home/mo/mosey/install/cpp_joystick/share/cpp_joystick/local_setup.bash
-- Installing: /home/mo/mosey/install/cpp_joystick/share/cpp_joystick/local_setup.fish
-- Installing: /home/mo/mosey/install/cpp_joystick/share/cpp_joystick/local_setup.sh
-- Installing: /home/mo/mosey/install/cpp_joystick/share/cpp_joystick/local_setup.zsh
-- Installing: /home/mo/mosey/install/cpp_joystick/share/cpp_joystick/local_setup.dsv
-- Installing: /home/mo/mosey/install/cpp_joystick/share/cpp_joystick/package.dsv
-- Installing: /home/mo/mosey/install/cpp_joystick/share/ament_index/resource_index/packages/cpp_joystick
-- Installing: /home/mo/mosey/install/cpp_joystick/share/cpp_joystick/cmake/cpp_joystickConfig.cmake
-- Installing: /home/mo/mosey/install/cpp_joystick/share/cpp_joystick/cmake/cpp_joystickConfig-version.cmake
-- Installing: /home/mo/mosey/install/cpp_joystick/share/cpp_joystick/package.xml
