[0.016s] Invoking command in '/home/mo/mosey/build/cpp_joystick': CMAKE_PREFIX_PATH=${CMAKE_PREFIX_PATH}:/opt/ros/lyrical DEBUGINFOD_URLS=https://debuginfod.ubuntu.com /usr/bin/cmake /home/mo/mosey/src/cpp_joystick -DCMAKE_INSTALL_PREFIX=/home/mo/mosey/install/cpp_joystick
[0.190s] -- The C compiler identification is GNU 15.2.0
[0.319s] -- The CXX compiler identification is GNU 15.2.0
[0.337s] -- Detecting C compiler ABI info
[0.426s] -- Detecting C compiler ABI info - done
[0.438s] -- Check for working C compiler: /usr/bin/cc - skipped
[0.438s] -- Detecting C compile features
[0.438s] -- Detecting C compile features - done
[0.455s] -- Detecting CXX compiler ABI info
[0.542s] -- Detecting CXX compiler ABI info - done
[0.553s] -- Check for working CXX compiler: /usr/bin/c++ - skipped
[0.554s] -- Detecting CXX compile features
[0.554s] -- Detecting CXX compile features - done
[0.573s] -- Found ament_cmake: 2.8.7 (/opt/ros/lyrical/share/ament_cmake/cmake)
[0.814s] -- Found ament_lint_auto: 0.20.6 (/opt/ros/lyrical/share/ament_lint_auto/cmake)
[0.908s] -- Added test 'cppcheck' to perform static code analysis on C / C++ code
[0.908s] -- Configured cppcheck include dirs: $<BUILD_INTERFACE:/home/mo/mosey/src/cpp_joystick/include>
[0.908s] -- Configured cppcheck exclude dirs and/or files: 
[0.909s] -- Added test 'lint_cmake' to check CMake code style
[0.910s] -- Added test 'uncrustify' to check C / C++ code style
[0.910s] -- Configured uncrustify additional arguments: 
[0.911s] -- Added test 'xmllint' to check XML markup files
[0.912s] -- Configuring done (0.9s)
[0.917s] -- Generating done (0.0s)
[0.919s] -- Build files have been written to: /home/mo/mosey/build/cpp_joystick
[0.925s] Invoked command in '/home/mo/mosey/build/cpp_joystick' returned '0': CMAKE_PREFIX_PATH=${CMAKE_PREFIX_PATH}:/opt/ros/lyrical DEBUGINFOD_URLS=https://debuginfod.ubuntu.com /usr/bin/cmake /home/mo/mosey/src/cpp_joystick -DCMAKE_INSTALL_PREFIX=/home/mo/mosey/install/cpp_joystick
[0.927s] Invoking command in '/home/mo/mosey/build/cpp_joystick': CMAKE_PREFIX_PATH=${CMAKE_PREFIX_PATH}:/opt/ros/lyrical DEBUGINFOD_URLS=https://debuginfod.ubuntu.com /usr/bin/cmake --build /home/mo/mosey/build/cpp_joystick -- -j16 -l16
[0.967s] [ 50%] [32mBuilding CXX object CMakeFiles/joystick_publisher.dir/src/joystick_publisher.cpp.o[0m
[1.010s] [100%] [1m[32mLinking CXX executable joystick_publisher[0m
[1.048s] [100%] Built target joystick_publisher
[1.057s] Invoked command in '/home/mo/mosey/build/cpp_joystick' returned '0': CMAKE_PREFIX_PATH=${CMAKE_PREFIX_PATH}:/opt/ros/lyrical DEBUGINFOD_URLS=https://debuginfod.ubuntu.com /usr/bin/cmake --build /home/mo/mosey/build/cpp_joystick -- -j16 -l16
[1.066s] Invoking command in '/home/mo/mosey/build/cpp_joystick': CMAKE_PREFIX_PATH=${CMAKE_PREFIX_PATH}:/opt/ros/lyrical DEBUGINFOD_URLS=https://debuginfod.ubuntu.com /usr/bin/cmake --install /home/mo/mosey/build/cpp_joystick
[1.073s] -- Install configuration: ""
[1.073s] -- Installing: /home/mo/mosey/install/cpp_joystick/lib/cpp_joystick/joystick_publisher
[1.073s] -- Installing: /home/mo/mosey/install/cpp_joystick/share/ament_index/resource_index/package_run_dependencies/cpp_joystick
[1.073s] -- Installing: /home/mo/mosey/install/cpp_joystick/share/ament_index/resource_index/parent_prefix_path/cpp_joystick
[1.073s] -- Installing: /home/mo/mosey/install/cpp_joystick/share/cpp_joystick/environment/ament_prefix_path.sh
[1.073s] -- Installing: /home/mo/mosey/install/cpp_joystick/share/cpp_joystick/environment/ament_prefix_path.dsv
[1.073s] -- Installing: /home/mo/mosey/install/cpp_joystick/share/cpp_joystick/environment/path.sh
[1.073s] -- Installing: /home/mo/mosey/install/cpp_joystick/share/cpp_joystick/environment/path.dsv
[1.073s] -- Installing: /home/mo/mosey/install/cpp_joystick/share/cpp_joystick/local_setup.bash
[1.073s] -- Installing: /home/mo/mosey/install/cpp_joystick/share/cpp_joystick/local_setup.fish
[1.073s] -- Installing: /home/mo/mosey/install/cpp_joystick/share/cpp_joystick/local_setup.sh
[1.074s] -- Installing: /home/mo/mosey/install/cpp_joystick/share/cpp_joystick/local_setup.zsh
[1.074s] -- Installing: /home/mo/mosey/install/cpp_joystick/share/cpp_joystick/local_setup.dsv
[1.074s] -- Installing: /home/mo/mosey/install/cpp_joystick/share/cpp_joystick/package.dsv
[1.074s] -- Installing: /home/mo/mosey/install/cpp_joystick/share/ament_index/resource_index/packages/cpp_joystick
[1.074s] -- Installing: /home/mo/mosey/install/cpp_joystick/share/cpp_joystick/cmake/cpp_joystickConfig.cmake
[1.074s] -- Installing: /home/mo/mosey/install/cpp_joystick/share/cpp_joystick/cmake/cpp_joystickConfig-version.cmake
[1.074s] -- Installing: /home/mo/mosey/install/cpp_joystick/share/cpp_joystick/package.xml
[1.075s] Invoked command in '/home/mo/mosey/build/cpp_joystick' returned '0': CMAKE_PREFIX_PATH=${CMAKE_PREFIX_PATH}:/opt/ros/lyrical DEBUGINFOD_URLS=https://debuginfod.ubuntu.com /usr/bin/cmake --install /home/mo/mosey/build/cpp_joystick
