[0.036s] Invoking command in '/home/mo/mosey/build/talon_controller': CMAKE_PREFIX_PATH=${CMAKE_PREFIX_PATH}:/opt/ros/lyrical /usr/bin/cmake --build /home/mo/mosey/build/talon_controller -- -j4 -l4
[0.117s] -- Found ament_cmake: 2.8.7 (/opt/ros/lyrical/share/ament_cmake/cmake)
[0.866s] -- Found rclcpp: 32.0.0 (/opt/ros/lyrical/share/rclcpp/cmake)
[0.922s] -- Found rosidl_generator_c: 5.2.0 (/opt/ros/lyrical/share/rosidl_generator_c/cmake)
[0.936s] -- Found rosidl_generator_cpp: 5.2.0 (/opt/ros/lyrical/share/rosidl_generator_cpp/cmake)
[0.961s] -- Using all available rosidl_typesupport_c: rosidl_typesupport_fastrtps_c;rosidl_typesupport_introspection_c
[0.989s] -- Using all available rosidl_typesupport_cpp: rosidl_typesupport_fastrtps_cpp;rosidl_typesupport_introspection_cpp
[1.150s] -- Found rmw_implementation_cmake: 7.10.1 (/opt/ros/lyrical/share/rmw_implementation_cmake/cmake)
[1.155s] -- Found rmw_fastrtps_cpp: 9.4.8 (/opt/ros/lyrical/share/rmw_fastrtps_cpp/cmake)
[1.226s] -- Using RMW implementation 'rmw_fastrtps_cpp' as default
[1.406s] -- Found std_msgs: 5.9.2 (/opt/ros/lyrical/share/std_msgs/cmake)
[1.445s] -- Found sensor_msgs: 5.9.2 (/opt/ros/lyrical/share/sensor_msgs/cmake)
[1.552s] -- Phoenix libs dir: /home/mo/mosey/src/talon_controller/lib/arm64
[1.552s] -- Found .so files: /home/mo/mosey/src/talon_controller/lib/arm64/libCTRE_Phoenix.so;/home/mo/mosey/src/talon_controller/lib/arm64/libCTRE_PhoenixCCI.so;/home/mo/mosey/src/talon_controller/lib/arm64/libCTRE_PhoenixTools.so
[1.552s] -- Phoenix lib:       /home/mo/mosey/src/talon_controller/lib/arm64/libCTRE_Phoenix.so
[1.552s] -- PhoenixCCI lib:    /home/mo/mosey/src/talon_controller/lib/arm64/libCTRE_PhoenixCCI.so
[1.553s] -- PhoenixTools lib:  /home/mo/mosey/src/talon_controller/lib/arm64/libCTRE_PhoenixTools.so
[1.553s] -- Found ament_lint_auto: 0.20.6 (/opt/ros/lyrical/share/ament_lint_auto/cmake)
[2.076s] -- Added test 'cppcheck' to perform static code analysis on C / C++ code
[2.077s] -- Configured cppcheck include dirs: /home/mo/mosey/src/talon_controller/include
[2.077s] -- Configured cppcheck exclude dirs and/or files: 
[2.094s] -- Added test 'flake8' to check Python code syntax and style conventions
[2.094s] -- Configured 'flake8' exclude dirs and/or files: 
[2.127s] -- Added test 'lint_cmake' to check CMake code style
[2.144s] -- Added test 'pep257' to check Python code against some of the docstring style conventions in PEP 257
[2.272s] -- Added test 'uncrustify' to check C / C++ code style
[2.273s] -- Configured uncrustify additional arguments: 
[2.290s] -- Added test 'xmllint' to check XML markup files
[2.292s] -- Configuring done (2.2s)
[2.351s] -- Generating done (0.1s)
[2.450s] -- Build files have been written to: /home/mo/mosey/build/talon_controller
[2.581s] [ 50%] [1m[32mLinking CXX executable talon_controller[0m
[3.922s] [100%] Built target talon_controller
[3.954s] Invoked command in '/home/mo/mosey/build/talon_controller' returned '0': CMAKE_PREFIX_PATH=${CMAKE_PREFIX_PATH}:/opt/ros/lyrical /usr/bin/cmake --build /home/mo/mosey/build/talon_controller -- -j4 -l4
[3.984s] Invoking command in '/home/mo/mosey/build/talon_controller': CMAKE_PREFIX_PATH=${CMAKE_PREFIX_PATH}:/opt/ros/lyrical /usr/bin/cmake --install /home/mo/mosey/build/talon_controller
[4.007s] -- Install configuration: ""
[4.008s] -- Installing: /home/mo/mosey/install/talon_controller/lib/talon_controller/talon_controller
[4.023s] -- Up-to-date: /home/mo/mosey/install/talon_controller/lib/talon_controller/libCTRE_Phoenix.so
[4.023s] -- Up-to-date: /home/mo/mosey/install/talon_controller/lib/talon_controller/libCTRE_PhoenixCCI.so
[4.024s] -- Up-to-date: /home/mo/mosey/install/talon_controller/lib/talon_controller/libCTRE_PhoenixTools.so
[4.024s] -- Up-to-date: /home/mo/mosey/install/talon_controller/share/ament_index/resource_index/package_run_dependencies/talon_controller
[4.024s] -- Installing: /home/mo/mosey/install/talon_controller/share/ament_index/resource_index/parent_prefix_path/talon_controller
[4.025s] -- Up-to-date: /home/mo/mosey/install/talon_controller/share/talon_controller/environment/ament_prefix_path.sh
[4.025s] -- Up-to-date: /home/mo/mosey/install/talon_controller/share/talon_controller/environment/ament_prefix_path.dsv
[4.025s] -- Up-to-date: /home/mo/mosey/install/talon_controller/share/talon_controller/environment/path.sh
[4.026s] -- Up-to-date: /home/mo/mosey/install/talon_controller/share/talon_controller/environment/path.dsv
[4.026s] -- Up-to-date: /home/mo/mosey/install/talon_controller/share/talon_controller/local_setup.bash
[4.026s] -- Up-to-date: /home/mo/mosey/install/talon_controller/share/talon_controller/local_setup.fish
[4.027s] -- Up-to-date: /home/mo/mosey/install/talon_controller/share/talon_controller/local_setup.sh
[4.027s] -- Up-to-date: /home/mo/mosey/install/talon_controller/share/talon_controller/local_setup.zsh
[4.027s] -- Up-to-date: /home/mo/mosey/install/talon_controller/share/talon_controller/local_setup.dsv
[4.027s] -- Installing: /home/mo/mosey/install/talon_controller/share/talon_controller/package.dsv
[4.028s] -- Up-to-date: /home/mo/mosey/install/talon_controller/share/ament_index/resource_index/packages/talon_controller
[4.028s] -- Up-to-date: /home/mo/mosey/install/talon_controller/share/talon_controller/cmake/talon_controllerConfig.cmake
[4.028s] -- Up-to-date: /home/mo/mosey/install/talon_controller/share/talon_controller/cmake/talon_controllerConfig-version.cmake
[4.028s] -- Up-to-date: /home/mo/mosey/install/talon_controller/share/talon_controller/package.xml
[4.031s] Invoked command in '/home/mo/mosey/build/talon_controller' returned '0': CMAKE_PREFIX_PATH=${CMAKE_PREFIX_PATH}:/opt/ros/lyrical /usr/bin/cmake --install /home/mo/mosey/build/talon_controller
