-- Found ament_cmake: 2.8.7 (/opt/ros/lyrical/share/ament_cmake/cmake)
[31mCMake Error at CMakeLists.txt:34 (set_target_properties):
  set_target_properties Can not find target to add properties to: Phoenix

[0m
[31mCMake Error at CMakeLists.txt:37 (set_target_properties):
  set_target_properties Can not find target to add properties to: PhoenixCCI

[0m
[31mCMake Error at CMakeLists.txt:40 (set_target_properties):
  set_target_properties Can not find target to add properties to:
  PhoenixTools

[0m
-- Found ament_lint_auto: 0.20.6 (/opt/ros/lyrical/share/ament_lint_auto/cmake)
-- Added test 'cppcheck' to perform static code analysis on C / C++ code
-- Configured cppcheck include dirs: 
-- Configured cppcheck exclude dirs and/or files: 
-- Added test 'flake8' to check Python code syntax and style conventions
-- Configured 'flake8' exclude dirs and/or files: 
-- Added test 'lint_cmake' to check CMake code style
-- Added test 'pep257' to check Python code against some of the docstring style conventions in PEP 257
-- Added test 'uncrustify' to check C / C++ code style
-- Configured uncrustify additional arguments: 
-- Added test 'xmllint' to check XML markup files
-- Configuring incomplete, errors occurred!
gmake: *** [Makefile:267: cmake_check_build_system] Error 1
