[0.036s] Invoking command in '/home/mo/mosey/src/talon_controller/build/talon_controller': CMAKE_PREFIX_PATH=/opt/ros/lyrical /usr/bin/cmake --build /home/mo/mosey/src/talon_controller/build/talon_controller -- -j4 -l4
[0.111s] -- Found ament_cmake: 2.8.7 (/opt/ros/lyrical/share/ament_cmake/cmake)
[0.862s] [31mCMake Error at CMakeLists.txt:34 (set_target_properties):
[0.863s]   set_target_properties Can not find target to add properties to: Phoenix
[0.863s] 
[0.863s] [0m
[0.864s] [31mCMake Error at CMakeLists.txt:37 (set_target_properties):
[0.864s]   set_target_properties Can not find target to add properties to: PhoenixCCI
[0.864s] 
[0.864s] [0m
[0.865s] [31mCMake Error at CMakeLists.txt:40 (set_target_properties):
[0.865s]   set_target_properties Can not find target to add properties to:
[0.865s]   PhoenixTools
[0.865s] 
[0.865s] [0m
[0.866s] -- Found ament_lint_auto: 0.20.6 (/opt/ros/lyrical/share/ament_lint_auto/cmake)
[1.354s] -- Added test 'cppcheck' to perform static code analysis on C / C++ code
[1.354s] -- Configured cppcheck include dirs: 
[1.354s] -- Configured cppcheck exclude dirs and/or files: 
[1.368s] -- Added test 'flake8' to check Python code syntax and style conventions
[1.368s] -- Configured 'flake8' exclude dirs and/or files: 
[1.392s] -- Added test 'lint_cmake' to check CMake code style
[1.405s] -- Added test 'pep257' to check Python code against some of the docstring style conventions in PEP 257
[1.503s] -- Added test 'uncrustify' to check C / C++ code style
[1.503s] -- Configured uncrustify additional arguments: 
[1.517s] -- Added test 'xmllint' to check XML markup files
[1.519s] -- Configuring incomplete, errors occurred!
[1.531s] gmake: *** [Makefile:267: cmake_check_build_system] Error 1
[1.537s] Invoked command in '/home/mo/mosey/src/talon_controller/build/talon_controller' returned '2': CMAKE_PREFIX_PATH=/opt/ros/lyrical /usr/bin/cmake --build /home/mo/mosey/src/talon_controller/build/talon_controller -- -j4 -l4
