-- Found ament_cmake: 2.8.7 (/opt/ros/lyrical/share/ament_cmake/cmake)
-- Found rclcpp: 32.0.0 (/opt/ros/lyrical/share/rclcpp/cmake)
-- Found rosidl_generator_c: 5.2.0 (/opt/ros/lyrical/share/rosidl_generator_c/cmake)
-- Found rosidl_generator_cpp: 5.2.0 (/opt/ros/lyrical/share/rosidl_generator_cpp/cmake)
-- Using all available rosidl_typesupport_c: rosidl_typesupport_fastrtps_c;rosidl_typesupport_introspection_c
-- Using all available rosidl_typesupport_cpp: rosidl_typesupport_fastrtps_cpp;rosidl_typesupport_introspection_cpp
-- Found rmw_implementation_cmake: 7.10.1 (/opt/ros/lyrical/share/rmw_implementation_cmake/cmake)
-- Found rmw_fastrtps_cpp: 9.4.8 (/opt/ros/lyrical/share/rmw_fastrtps_cpp/cmake)
-- Using RMW implementation 'rmw_fastrtps_cpp' as default
-- Found std_msgs: 5.9.2 (/opt/ros/lyrical/share/std_msgs/cmake)
-- Found sensor_msgs: 5.9.2 (/opt/ros/lyrical/share/sensor_msgs/cmake)
-- Phoenix libs dir: /home/mo/mosey/src/talon_controller/lib/arm64
-- Found .so files: /home/mo/mosey/src/talon_controller/lib/arm64/libCTRE_Phoenix.so;/home/mo/mosey/src/talon_controller/lib/arm64/libCTRE_PhoenixCCI.so;/home/mo/mosey/src/talon_controller/lib/arm64/libCTRE_PhoenixTools.so
-- Phoenix lib:       /home/mo/mosey/src/talon_controller/lib/arm64/libCTRE_Phoenix.so
-- PhoenixCCI lib:    /home/mo/mosey/src/talon_controller/lib/arm64/libCTRE_PhoenixCCI.so
-- PhoenixTools lib:  /home/mo/mosey/src/talon_controller/lib/arm64/libCTRE_PhoenixTools.so
-- Found ament_lint_auto: 0.20.6 (/opt/ros/lyrical/share/ament_lint_auto/cmake)
-- Added test 'cppcheck' to perform static code analysis on C / C++ code
-- Configured cppcheck include dirs: /home/mo/mosey/src/talon_controller/include
-- Configured cppcheck exclude dirs and/or files: 
-- Added test 'flake8' to check Python code syntax and style conventions
-- Configured 'flake8' exclude dirs and/or files: 
-- Added test 'lint_cmake' to check CMake code style
-- Added test 'pep257' to check Python code against some of the docstring style conventions in PEP 257
-- Added test 'uncrustify' to check C / C++ code style
-- Configured uncrustify additional arguments: 
-- Added test 'xmllint' to check XML markup files
-- Configuring done (2.2s)
-- Generating done (0.1s)
-- Build files have been written to: /home/mo/mosey/src/talon_controller/build/talon_controller
[ 50%] [32mBuilding CXX object CMakeFiles/talon_controller.dir/src/talon_controller.cpp.o[0m
[100%] [1m[32mLinking CXX executable talon_controller[0m
[100%] Built target talon_controller
-- Install configuration: ""
-- Installing: /home/mo/mosey/src/talon_controller/install/talon_controller/lib/talon_controller/talon_controller
-- Up-to-date: /home/mo/mosey/src/talon_controller/install/talon_controller/lib/talon_controller/libCTRE_Phoenix.so
-- Up-to-date: /home/mo/mosey/src/talon_controller/install/talon_controller/lib/talon_controller/libCTRE_PhoenixCCI.so
-- Up-to-date: /home/mo/mosey/src/talon_controller/install/talon_controller/lib/talon_controller/libCTRE_PhoenixTools.so
-- Installing: /home/mo/mosey/src/talon_controller/install/talon_controller/share/ament_index/resource_index/package_run_dependencies/talon_controller
-- Installing: /home/mo/mosey/src/talon_controller/install/talon_controller/share/ament_index/resource_index/parent_prefix_path/talon_controller
-- Up-to-date: /home/mo/mosey/src/talon_controller/install/talon_controller/share/talon_controller/environment/ament_prefix_path.sh
-- Up-to-date: /home/mo/mosey/src/talon_controller/install/talon_controller/share/talon_controller/environment/ament_prefix_path.dsv
-- Up-to-date: /home/mo/mosey/src/talon_controller/install/talon_controller/share/talon_controller/environment/path.sh
-- Up-to-date: /home/mo/mosey/src/talon_controller/install/talon_controller/share/talon_controller/environment/path.dsv
-- Up-to-date: /home/mo/mosey/src/talon_controller/install/talon_controller/share/talon_controller/local_setup.bash
-- Up-to-date: /home/mo/mosey/src/talon_controller/install/talon_controller/share/talon_controller/local_setup.fish
-- Up-to-date: /home/mo/mosey/src/talon_controller/install/talon_controller/share/talon_controller/local_setup.sh
-- Up-to-date: /home/mo/mosey/src/talon_controller/install/talon_controller/share/talon_controller/local_setup.zsh
-- Up-to-date: /home/mo/mosey/src/talon_controller/install/talon_controller/share/talon_controller/local_setup.dsv
-- Installing: /home/mo/mosey/src/talon_controller/install/talon_controller/share/talon_controller/package.dsv
-- Up-to-date: /home/mo/mosey/src/talon_controller/install/talon_controller/share/ament_index/resource_index/packages/talon_controller
-- Up-to-date: /home/mo/mosey/src/talon_controller/install/talon_controller/share/talon_controller/cmake/talon_controllerConfig.cmake
-- Up-to-date: /home/mo/mosey/src/talon_controller/install/talon_controller/share/talon_controller/cmake/talon_controllerConfig-version.cmake
-- Installing: /home/mo/mosey/src/talon_controller/install/talon_controller/share/talon_controller/package.xml
