[0.036s] Invoking command in '/home/mo/mosey/src/talon_controller/build/talon_controller': CMAKE_PREFIX_PATH=/opt/ros/lyrical /usr/bin/cmake --build /home/mo/mosey/src/talon_controller/build/talon_controller -- -j4 -l4
[0.114s] -- Found ament_cmake: 2.8.7 (/opt/ros/lyrical/share/ament_cmake/cmake)
[0.865s] -- Found rclcpp: 32.0.0 (/opt/ros/lyrical/share/rclcpp/cmake)
[0.921s] -- Found rosidl_generator_c: 5.2.0 (/opt/ros/lyrical/share/rosidl_generator_c/cmake)
[0.935s] -- Found rosidl_generator_cpp: 5.2.0 (/opt/ros/lyrical/share/rosidl_generator_cpp/cmake)
[0.960s] -- Using all available rosidl_typesupport_c: rosidl_typesupport_fastrtps_c;rosidl_typesupport_introspection_c
[0.988s] -- Using all available rosidl_typesupport_cpp: rosidl_typesupport_fastrtps_cpp;rosidl_typesupport_introspection_cpp
[1.147s] -- Found rmw_implementation_cmake: 7.10.1 (/opt/ros/lyrical/share/rmw_implementation_cmake/cmake)
[1.151s] -- Found rmw_fastrtps_cpp: 9.4.8 (/opt/ros/lyrical/share/rmw_fastrtps_cpp/cmake)
[1.222s] -- Using RMW implementation 'rmw_fastrtps_cpp' as default
[1.403s] -- Found std_msgs: 5.9.2 (/opt/ros/lyrical/share/std_msgs/cmake)
[1.441s] -- Phoenix libs dir: /home/mo/mosey/src/talon_controller/lib/arm64
[1.441s] -- Found .so files: /home/mo/mosey/src/talon_controller/lib/arm64/libCTRE_Phoenix.so;/home/mo/mosey/src/talon_controller/lib/arm64/libCTRE_PhoenixCCI.so;/home/mo/mosey/src/talon_controller/lib/arm64/libCTRE_PhoenixTools.so
[1.441s] -- Phoenix lib:       /home/mo/mosey/src/talon_controller/lib/arm64/libCTRE_Phoenix.so
[1.441s] -- PhoenixCCI lib:    /home/mo/mosey/src/talon_controller/lib/arm64/libCTRE_PhoenixCCI.so
[1.442s] -- PhoenixTools lib:  /home/mo/mosey/src/talon_controller/lib/arm64/libCTRE_PhoenixTools.so
[1.442s] [31mCMake Error at CMakeLists.txt:66 (target_link_libraries):
[1.443s]   The keyword signature for target_link_libraries has already been used with
[1.443s]   the target "talon_controller".  All uses of target_link_libraries with a
[1.443s]   target must be either all-keyword or all-plain.
[1.443s] 
[1.444s]   The uses of the keyword signature are here:
[1.444s] 
[1.444s]    * CMakeLists.txt:57 (target_link_libraries)
[1.444s] 
[1.444s] 
[1.445s] [0m
[1.445s] -- Found ament_lint_auto: 0.20.6 (/opt/ros/lyrical/share/ament_lint_auto/cmake)
[1.959s] -- Added test 'cppcheck' to perform static code analysis on C / C++ code
[1.960s] -- Configured cppcheck include dirs: /home/mo/mosey/src/talon_controller/include
[1.960s] -- Configured cppcheck exclude dirs and/or files: 
[1.977s] -- Added test 'flake8' to check Python code syntax and style conventions
[1.977s] -- Configured 'flake8' exclude dirs and/or files: 
[2.008s] -- Added test 'lint_cmake' to check CMake code style
[2.025s] -- Added test 'pep257' to check Python code against some of the docstring style conventions in PEP 257
[2.149s] -- Added test 'uncrustify' to check C / C++ code style
[2.150s] -- Configured uncrustify additional arguments: 
[2.166s] -- Added test 'xmllint' to check XML markup files
[2.169s] -- Configuring incomplete, errors occurred!
[2.184s] gmake: *** [Makefile:267: cmake_check_build_system] Error 1
[2.190s] Invoked command in '/home/mo/mosey/src/talon_controller/build/talon_controller' returned '2': CMAKE_PREFIX_PATH=/opt/ros/lyrical /usr/bin/cmake --build /home/mo/mosey/src/talon_controller/build/talon_controller -- -j4 -l4
