[0.032s] Invoking command in '/home/mo/mosey/build/talon_controller': CMAKE_PREFIX_PATH=${CMAKE_PREFIX_PATH}:/opt/ros/lyrical /usr/bin/cmake /home/mo/mosey/src/talon_controller -DCMAKE_INSTALL_PREFIX=/home/mo/mosey/install/talon_controller
[0.242s] -- The C compiler identification is GNU 15.2.0
[0.478s] -- The CXX compiler identification is GNU 15.2.0
[0.502s] -- Detecting C compiler ABI info
[0.764s] -- Detecting C compiler ABI info - done
[0.814s] -- Check for working C compiler: /usr/bin/cc - skipped
[0.815s] -- Detecting C compile features
[0.816s] -- Detecting C compile features - done
[0.857s] -- Detecting CXX compiler ABI info
[1.141s] -- Detecting CXX compiler ABI info - done
[1.193s] -- Check for working CXX compiler: /usr/bin/c++ - skipped
[1.194s] -- Detecting CXX compile features
[1.196s] -- Detecting CXX compile features - done
[1.218s] [31mCMake Error at CMakeLists.txt:8 (target_link_options):
[1.218s]   Cannot specify link options for target "talon_controller" which is not
[1.218s]   built by this project.
[1.219s] 
[1.219s] [0m
[1.224s] -- Found ament_cmake: 2.8.7 (/opt/ros/lyrical/share/ament_cmake/cmake)
[2.094s] -- Performing Test CMAKE_HAVE_LIBC_PTHREAD
[2.366s] -- Performing Test CMAKE_HAVE_LIBC_PTHREAD - Success
[2.369s] -- Found Threads: TRUE
[2.373s] -- Found rclcpp: 32.0.0 (/opt/ros/lyrical/share/rclcpp/cmake)
[2.455s] -- Found rosidl_generator_c: 5.2.0 (/opt/ros/lyrical/share/rosidl_generator_c/cmake)
[2.476s] -- Found rosidl_generator_cpp: 5.2.0 (/opt/ros/lyrical/share/rosidl_generator_cpp/cmake)
[2.516s] -- Using all available rosidl_typesupport_c: rosidl_typesupport_fastrtps_c;rosidl_typesupport_introspection_c
[2.553s] -- Using all available rosidl_typesupport_cpp: rosidl_typesupport_fastrtps_cpp;rosidl_typesupport_introspection_cpp
[2.741s] -- Found rmw_implementation_cmake: 7.10.1 (/opt/ros/lyrical/share/rmw_implementation_cmake/cmake)
[2.748s] -- Found rmw_fastrtps_cpp: 9.4.8 (/opt/ros/lyrical/share/rmw_fastrtps_cpp/cmake)
[2.835s] -- Using RMW implementation 'rmw_fastrtps_cpp' as default
[3.038s] -- Found std_msgs: 5.9.2 (/opt/ros/lyrical/share/std_msgs/cmake)
[3.079s] -- Found sensor_msgs: 5.9.2 (/opt/ros/lyrical/share/sensor_msgs/cmake)
[3.187s] -- Phoenix libs dir: /home/mo/mosey/src/talon_controller/lib/arm64
[3.188s] -- Found .so files: /home/mo/mosey/src/talon_controller/lib/arm64/libCTRE_Phoenix.so;/home/mo/mosey/src/talon_controller/lib/arm64/libCTRE_PhoenixCCI.so;/home/mo/mosey/src/talon_controller/lib/arm64/libCTRE_PhoenixTools.so
[3.189s] -- Phoenix lib:       /home/mo/mosey/src/talon_controller/lib/arm64/libCTRE_Phoenix.so
[3.189s] -- PhoenixCCI lib:    /home/mo/mosey/src/talon_controller/lib/arm64/libCTRE_PhoenixCCI.so
[3.189s] -- PhoenixTools lib:  /home/mo/mosey/src/talon_controller/lib/arm64/libCTRE_PhoenixTools.so
[3.193s] -- Found ament_lint_auto: 0.20.6 (/opt/ros/lyrical/share/ament_lint_auto/cmake)
[3.738s] -- Added test 'cppcheck' to perform static code analysis on C / C++ code
[3.738s] -- Configured cppcheck include dirs: /home/mo/mosey/src/talon_controller/include
[3.739s] -- Configured cppcheck exclude dirs and/or files: 
[3.757s] -- Added test 'flake8' to check Python code syntax and style conventions
[3.757s] -- Configured 'flake8' exclude dirs and/or files: 
[3.790s] -- Added test 'lint_cmake' to check CMake code style
[3.808s] -- Added test 'pep257' to check Python code against some of the docstring style conventions in PEP 257
[3.953s] -- Added test 'uncrustify' to check C / C++ code style
[3.954s] -- Configured uncrustify additional arguments: 
[3.972s] -- Added test 'xmllint' to check XML markup files
[3.976s] -- Configuring incomplete, errors occurred!
[3.997s] Invoked command in '/home/mo/mosey/build/talon_controller' returned '1': CMAKE_PREFIX_PATH=${CMAKE_PREFIX_PATH}:/opt/ros/lyrical /usr/bin/cmake /home/mo/mosey/src/talon_controller -DCMAKE_INSTALL_PREFIX=/home/mo/mosey/install/talon_controller
