[0.035s] Invoking command in '/home/mo/mosey/src/talon_controller/build/talon_controller': CMAKE_PREFIX_PATH=/opt/ros/lyrical /usr/bin/cmake --build /home/mo/mosey/src/talon_controller/build/talon_controller -- -j4 -l4
[0.203s] [100%] Built target talon_controller
[0.236s] Invoked command in '/home/mo/mosey/src/talon_controller/build/talon_controller' returned '0': CMAKE_PREFIX_PATH=/opt/ros/lyrical /usr/bin/cmake --build /home/mo/mosey/src/talon_controller/build/talon_controller -- -j4 -l4
[0.264s] Invoking command in '/home/mo/mosey/src/talon_controller/build/talon_controller': CMAKE_PREFIX_PATH=/opt/ros/lyrical /usr/bin/cmake --install /home/mo/mosey/src/talon_controller/build/talon_controller
[0.288s] -- Install configuration: ""
[0.289s] -- Up-to-date: /home/mo/mosey/src/talon_controller/install/talon_controller/lib/talon_controller/talon_controller
[0.290s] -- Up-to-date: /home/mo/mosey/src/talon_controller/install/talon_controller/lib/talon_controller/libCTRE_Phoenix.so
[0.290s] -- Up-to-date: /home/mo/mosey/src/talon_controller/install/talon_controller/lib/talon_controller/libCTRE_PhoenixCCI.so
[0.291s] -- Up-to-date: /home/mo/mosey/src/talon_controller/install/talon_controller/lib/talon_controller/libCTRE_PhoenixTools.so
[0.291s] -- Up-to-date: /home/mo/mosey/src/talon_controller/install/talon_controller/share/ament_index/resource_index/package_run_dependencies/talon_controller
[0.291s] -- Up-to-date: /home/mo/mosey/src/talon_controller/install/talon_controller/share/ament_index/resource_index/parent_prefix_path/talon_controller
[0.291s] -- Up-to-date: /home/mo/mosey/src/talon_controller/install/talon_controller/share/talon_controller/environment/ament_prefix_path.sh
[0.292s] -- Up-to-date: /home/mo/mosey/src/talon_controller/install/talon_controller/share/talon_controller/environment/ament_prefix_path.dsv
[0.292s] -- Up-to-date: /home/mo/mosey/src/talon_controller/install/talon_controller/share/talon_controller/environment/path.sh
[0.292s] -- Up-to-date: /home/mo/mosey/src/talon_controller/install/talon_controller/share/talon_controller/environment/path.dsv
[0.293s] -- Up-to-date: /home/mo/mosey/src/talon_controller/install/talon_controller/share/talon_controller/local_setup.bash
[0.293s] -- Up-to-date: /home/mo/mosey/src/talon_controller/install/talon_controller/share/talon_controller/local_setup.fish
[0.293s] -- Up-to-date: /home/mo/mosey/src/talon_controller/install/talon_controller/share/talon_controller/local_setup.sh
[0.293s] -- Up-to-date: /home/mo/mosey/src/talon_controller/install/talon_controller/share/talon_controller/local_setup.zsh
[0.294s] -- Up-to-date: /home/mo/mosey/src/talon_controller/install/talon_controller/share/talon_controller/local_setup.dsv
[0.294s] -- Installing: /home/mo/mosey/src/talon_controller/install/talon_controller/share/talon_controller/package.dsv
[0.294s] -- Up-to-date: /home/mo/mosey/src/talon_controller/install/talon_controller/share/ament_index/resource_index/packages/talon_controller
[0.295s] -- Up-to-date: /home/mo/mosey/src/talon_controller/install/talon_controller/share/talon_controller/cmake/talon_controllerConfig.cmake
[0.295s] -- Up-to-date: /home/mo/mosey/src/talon_controller/install/talon_controller/share/talon_controller/cmake/talon_controllerConfig-version.cmake
[0.295s] -- Up-to-date: /home/mo/mosey/src/talon_controller/install/talon_controller/share/talon_controller/package.xml
[0.297s] Invoked command in '/home/mo/mosey/src/talon_controller/build/talon_controller' returned '0': CMAKE_PREFIX_PATH=/opt/ros/lyrical /usr/bin/cmake --install /home/mo/mosey/src/talon_controller/build/talon_controller
