[0.044s] Invoking command in '/home/mo/mosey/src/talon_controller/build/talon_controller': CMAKE_PREFIX_PATH=/opt/ros/lyrical /usr/bin/cmake /home/mo/mosey/src/talon_controller -DCMAKE_INSTALL_PREFIX=/home/mo/mosey/src/talon_controller/install/talon_controller
[0.252s] -- The C compiler identification is GNU 15.2.0
[0.490s] -- The CXX compiler identification is GNU 15.2.0
[0.513s] -- Detecting C compiler ABI info
[0.781s] -- Detecting C compiler ABI info - done
[0.830s] -- Check for working C compiler: /usr/bin/cc - skipped
[0.831s] -- Detecting C compile features
[0.833s] -- Detecting C compile features - done
[0.873s] -- Detecting CXX compiler ABI info
[1.163s] -- Detecting CXX compiler ABI info - done
[1.215s] -- Check for working CXX compiler: /usr/bin/c++ - skipped
[1.216s] -- Detecting CXX compile features
[1.219s] -- Detecting CXX compile features - done
[1.258s] -- Found ament_cmake: 2.8.7 (/opt/ros/lyrical/share/ament_cmake/cmake)
[2.201s] -- Found ament_lint_auto: 0.20.6 (/opt/ros/lyrical/share/ament_lint_auto/cmake)
[2.732s] -- Added test 'cppcheck' to perform static code analysis on C / C++ code
[2.733s] -- Configured cppcheck include dirs: $<BUILD_INTERFACE:/home/mo/mosey/src/talon_controller/include>
[2.733s] -- Configured cppcheck exclude dirs and/or files: 
[2.760s] -- Added test 'lint_cmake' to check CMake code style
[2.833s] -- Added test 'uncrustify' to check C / C++ code style
[2.833s] -- Configured uncrustify additional arguments: 
[2.844s] -- Added test 'xmllint' to check XML markup files
[2.850s] -- Configuring done (2.8s)
[2.853s] [31mCMake Error at CMakeLists.txt:14 (add_executable):
[2.853s]   Cannot find source file:
[2.854s] 
[2.854s]     src/talon_node.cpp
[2.855s] 
[2.855s] [0m
[2.855s] [31mCMake Error at CMakeLists.txt:14 (add_executable):
[2.856s]   No SOURCES given to target: talon_node
[2.856s] 
[2.856s] [0m
[2.857s] [0mCMake Generate step failed.  Build files cannot be regenerated correctly.[0m
[2.866s] Invoked command in '/home/mo/mosey/src/talon_controller/build/talon_controller' returned '1': CMAKE_PREFIX_PATH=/opt/ros/lyrical /usr/bin/cmake /home/mo/mosey/src/talon_controller -DCMAKE_INSTALL_PREFIX=/home/mo/mosey/src/talon_controller/install/talon_controller
