[-1780949296561372672.000s] DEBUG:colcon:Command line arguments: ['/usr/bin/colcon', 'build']
[-1780949296561372672.000s] DEBUG:colcon:Parsed command line arguments: Namespace(log_base=None, log_level=None, verb_name='build', build_base='build', install_base='install', merge_install=False, symlink_install=False, test_result_base=None, continue_on_error=False, executor='parallel', parallel_workers=4, event_handlers=None, ignore_user_meta=False, metas=['./colcon.meta'], base_paths=['.'], packages_ignore=None, packages_ignore_regex=None, paths=None, packages_up_to=None, packages_up_to_regex=None, packages_above=None, packages_above_and_dependencies=None, packages_above_depth=None, packages_select_by_dep=None, packages_skip_by_dep=None, packages_skip_up_to=None, packages_select_build_failed=False, packages_skip_build_finished=False, packages_select_test_failures=False, packages_skip_test_passed=False, packages_select=None, packages_skip=None, packages_select_regex=None, packages_skip_regex=None, packages_start=None, packages_end=None, allow_overriding=[], cmake_args=None, cmake_target=None, cmake_target_skip_unavailable=False, cmake_clean_cache=False, cmake_clean_first=False, cmake_force_configure=False, ament_cmake_args=None, catkin_cmake_args=None, catkin_skip_building_tests=False, mixin_files=None, mixin=None, verb_parser=<colcon_mixin.mixin.mixin_argument.MixinArgumentDecorator object at 0xffff96093d90>, verb_extension=<colcon_core.verb.build.BuildVerb object at 0xffff9608ecf0>, main=<bound method BuildVerb.main of <colcon_core.verb.build.BuildVerb object at 0xffff9608ecf0>>, mixin_verb=('build',))
[-1780949296561372672.000s] Level 1:colcon.colcon_core.package_discovery:discover_packages(colcon_meta) check parameters
[-1780949296561372672.000s] Level 1:colcon.colcon_core.package_discovery:discover_packages(recursive) check parameters
[-1780949296561372672.000s] Level 1:colcon.colcon_core.package_discovery:discover_packages(ignore) check parameters
[-1780949296561372672.000s] Level 1:colcon.colcon_core.package_discovery:discover_packages(path) check parameters
[-1780949296561372672.000s] Level 1:colcon.colcon_core.package_discovery:discover_packages(colcon_meta) discover
[-1780949296561372672.000s] Level 1:colcon.colcon_core.package_discovery:discover_packages(recursive) discover
[-1780949296561372672.000s] INFO:colcon.colcon_core.package_discovery:Crawling recursively for packages in '/home/mo/mosey/src/talon_controller'
[-1780949296561372672.000s] Level 1:colcon.colcon_core.package_identification:_identify(.) by extensions ['ignore', 'ignore_ament_install']
[-1780949296561372672.000s] Level 1:colcon.colcon_core.package_identification:_identify(.) by extension 'ignore'
[-1780949296561372672.000s] Level 1:colcon.colcon_core.package_identification:_identify(.) by extension 'ignore_ament_install'
[-1780949296561372672.000s] Level 1:colcon.colcon_core.package_identification:_identify(.) by extensions ['colcon_pkg']
[-1780949296561372672.000s] Level 1:colcon.colcon_core.package_identification:_identify(.) by extension 'colcon_pkg'
[-1780949296561372672.000s] Level 1:colcon.colcon_core.package_identification:_identify(.) by extensions ['colcon_meta']
[-1780949296561372672.000s] Level 1:colcon.colcon_core.package_identification:_identify(.) by extension 'colcon_meta'
[-1780949296561372672.000s] Level 1:colcon.colcon_core.package_identification:_identify(.) by extensions ['ros']
[-1780949296561372672.000s] Level 1:colcon.colcon_core.package_identification:_identify(.) by extension 'ros'
[-1780949296561372672.000s] DEBUG:colcon.colcon_core.package_identification:Package '.' with type 'ros.ament_cmake' and name 'talon_controller'
[-1780949296561372672.000s] Level 1:colcon.colcon_core.package_discovery:discover_packages(recursive) using defaults
[-1780949296561372672.000s] Level 1:colcon.colcon_core.package_discovery:discover_packages(ignore) discover
[-1780949296561372672.000s] Level 1:colcon.colcon_core.package_discovery:discover_packages(ignore) using defaults
[-1780949296561372672.000s] Level 1:colcon.colcon_core.package_discovery:discover_packages(path) discover
[-1780949296561372672.000s] Level 1:colcon.colcon_core.package_discovery:discover_packages(path) using defaults
[-1780949296561372672.000s] Level 1:colcon.colcon_core.package_discovery:discover_packages(prefix_path) check parameters
[-1780949296561372672.000s] Level 1:colcon.colcon_core.package_discovery:discover_packages(prefix_path) discover
[-1780949296561372672.000s] DEBUG:colcon.colcon_installed_package_information.package_discovery:Found 194 installed packages in /opt/ros/lyrical
[-1780949296561372672.000s] Level 1:colcon.colcon_core.package_discovery:discover_packages(prefix_path) using defaults
[-1780949296561372672.000s] Level 5:colcon.colcon_core.verb:set package 'talon_controller' build argument 'cmake_args' from command line to 'None'
[-1780949296561372672.000s] Level 5:colcon.colcon_core.verb:set package 'talon_controller' build argument 'cmake_target' from command line to 'None'
[-1780949296561372672.000s] Level 5:colcon.colcon_core.verb:set package 'talon_controller' build argument 'cmake_target_skip_unavailable' from command line to 'False'
[-1780949296561372672.000s] Level 5:colcon.colcon_core.verb:set package 'talon_controller' build argument 'cmake_clean_cache' from command line to 'False'
[-1780949296561372672.000s] Level 5:colcon.colcon_core.verb:set package 'talon_controller' build argument 'cmake_clean_first' from command line to 'False'
[-1780949296561372672.000s] Level 5:colcon.colcon_core.verb:set package 'talon_controller' build argument 'cmake_force_configure' from command line to 'False'
[-1780949296561372672.000s] Level 5:colcon.colcon_core.verb:set package 'talon_controller' build argument 'ament_cmake_args' from command line to 'None'
[-1780949296561372672.000s] Level 5:colcon.colcon_core.verb:set package 'talon_controller' build argument 'catkin_cmake_args' from command line to 'None'
[-1780949296561372672.000s] Level 5:colcon.colcon_core.verb:set package 'talon_controller' build argument 'catkin_skip_building_tests' from command line to 'False'
[-1780949296561372672.000s] DEBUG:colcon.colcon_core.verb:Building package 'talon_controller' with the following arguments: {'ament_cmake_args': None, 'build_base': '/home/mo/mosey/src/talon_controller/build/talon_controller', 'catkin_cmake_args': None, 'catkin_skip_building_tests': False, 'cmake_args': None, 'cmake_clean_cache': False, 'cmake_clean_first': False, 'cmake_force_configure': False, 'cmake_target': None, 'cmake_target_skip_unavailable': False, 'install_base': '/home/mo/mosey/src/talon_controller/install/talon_controller', 'merge_install': False, 'path': '/home/mo/mosey/src/talon_controller', 'symlink_install': False, 'test_result_base': None}
[-1780949296561372672.000s] INFO:colcon.colcon_core.executor:Executing jobs using 'parallel' executor
[-1780949296561372672.000s] DEBUG:colcon.colcon_parallel_executor.executor.parallel:run_until_complete
[-1780949296561372672.000s] INFO:colcon.colcon_ros.task.ament_cmake.build:Building ROS package in '/home/mo/mosey/src/talon_controller' with build type 'ament_cmake'
[-1780949296561372672.000s] INFO:colcon.colcon_cmake.task.cmake.build:Building CMake package in '/home/mo/mosey/src/talon_controller'
[-1780949296561372672.000s] INFO:colcon.colcon_core.plugin_system:Skipping extension 'colcon_core.shell.bat': Not used on non-Windows systems
[-1780949296561372672.000s] INFO:colcon.colcon_core.shell:Skip shell extension 'powershell' for command environment: Not usable outside of PowerShell
[-1780949296561372672.000s] DEBUG:colcon.colcon_core.shell:Skip shell extension 'dsv' for command environment
[-1780949296561372672.000s] DEBUG:colcon.colcon_core.event_handler.log_command:Invoking command in '/home/mo/mosey/src/talon_controller/build/talon_controller': CMAKE_PREFIX_PATH=/opt/ros/lyrical /usr/bin/cmake --build /home/mo/mosey/src/talon_controller/build/talon_controller -- -j4 -l4
[-1780949296561372672.000s] DEBUG:colcon.colcon_core.event_handler.log_command:Invoked command in '/home/mo/mosey/src/talon_controller/build/talon_controller' returned '2': CMAKE_PREFIX_PATH=/opt/ros/lyrical /usr/bin/cmake --build /home/mo/mosey/src/talon_controller/build/talon_controller -- -j4 -l4
[-1780949296561372672.000s] Level 1:colcon.colcon_core.environment:create_environment_scripts_only(talon_controller)
[-1780949296561372672.000s] Level 1:colcon.colcon_core.environment:checking '/home/mo/mosey/src/talon_controller/install/talon_controller' for CMake module files
[-1780949296561372672.000s] Level 1:colcon.colcon_core.environment:checking '/home/mo/mosey/src/talon_controller/install/talon_controller' for CMake config files
[-1780949296561372672.000s] Level 1:colcon.colcon_core.environment:checking '/home/mo/mosey/src/talon_controller/install/talon_controller/bin'
[-1780949296561372672.000s] Level 1:colcon.colcon_core.environment:checking '/home/mo/mosey/src/talon_controller/install/talon_controller/lib/pkgconfig/talon_controller.pc'
[-1780949296561372672.000s] Level 1:colcon.colcon_core.environment:checking '/home/mo/mosey/src/talon_controller/install/talon_controller/lib/python3.14/site-packages'
[-1780949296561372672.000s] Level 1:colcon.colcon_core.environment:checking '/home/mo/mosey/src/talon_controller/install/talon_controller/bin'
[-1780949296561372672.000s] INFO:colcon.colcon_core.shell:Creating package script '/home/mo/mosey/src/talon_controller/install/talon_controller/share/talon_controller/package.ps1'
[-1780949296561372672.000s] INFO:colcon.colcon_core.shell:Creating package descriptor '/home/mo/mosey/src/talon_controller/install/talon_controller/share/talon_controller/package.dsv'
[-1780949296561372672.000s] INFO:colcon.colcon_core.shell:Creating package script '/home/mo/mosey/src/talon_controller/install/talon_controller/share/talon_controller/package.sh'
[-1780949296561372672.000s] INFO:colcon.colcon_core.shell:Creating package script '/home/mo/mosey/src/talon_controller/install/talon_controller/share/talon_controller/package.bash'
[-1780949296561372672.000s] INFO:colcon.colcon_core.shell:Creating package script '/home/mo/mosey/src/talon_controller/install/talon_controller/share/talon_controller/package.zsh'
[-1780949296561372672.000s] Level 1:colcon.colcon_core.environment:create_file_with_runtime_dependencies(/home/mo/mosey/src/talon_controller/install/talon_controller/share/colcon-core/packages/talon_controller)
[-1780949296561372672.000s] DEBUG:colcon.colcon_parallel_executor.executor.parallel:closing loop
[-1780949296561372672.000s] DEBUG:colcon.colcon_parallel_executor.executor.parallel:loop closed
[-1780949296561372672.000s] DEBUG:colcon.colcon_parallel_executor.executor.parallel:run_until_complete finished with '2'
[-1780949296561372672.000s] DEBUG:colcon.colcon_core.event_reactor:joining thread
[-1780949296561372672.000s] DEBUG:colcon.colcon_core.event_reactor:joined thread
[-1780949296561372672.000s] INFO:colcon.colcon_core.shell:Creating prefix script '/home/mo/mosey/src/talon_controller/install/local_setup.ps1'
[-1780949296561372672.000s] INFO:colcon.colcon_core.shell:Creating prefix util module '/home/mo/mosey/src/talon_controller/install/_local_setup_util_ps1.py'
[-1780949296561372672.000s] INFO:colcon.colcon_core.shell:Creating prefix chain script '/home/mo/mosey/src/talon_controller/install/setup.ps1'
[-1780949296561372672.000s] INFO:colcon.colcon_core.shell:Creating prefix script '/home/mo/mosey/src/talon_controller/install/local_setup.sh'
[-1780949296561372672.000s] INFO:colcon.colcon_core.shell:Creating prefix util module '/home/mo/mosey/src/talon_controller/install/_local_setup_util_sh.py'
[-1780949296561372672.000s] INFO:colcon.colcon_core.shell:Creating prefix chain script '/home/mo/mosey/src/talon_controller/install/setup.sh'
[-1780949296561372672.000s] INFO:colcon.colcon_core.shell:Creating prefix script '/home/mo/mosey/src/talon_controller/install/local_setup.bash'
[-1780949296561372672.000s] INFO:colcon.colcon_core.shell:Creating prefix chain script '/home/mo/mosey/src/talon_controller/install/setup.bash'
[-1780949296561372672.000s] INFO:colcon.colcon_core.shell:Creating prefix script '/home/mo/mosey/src/talon_controller/install/local_setup.zsh'
[-1780949296561372672.000s] INFO:colcon.colcon_core.shell:Creating prefix chain script '/home/mo/mosey/src/talon_controller/install/setup.zsh'
