-- Found ament_cmake: 2.8.7 (/opt/ros/lyrical/share/ament_cmake/cmake)
-- Phoenix libs dir: /home/mo/mosey/src/talon_controller/lib/arm64
-- Found .so files: /home/mo/mosey/src/talon_controller/lib/arm64/libCTRE_Phoenix.so;/home/mo/mosey/src/talon_controller/lib/arm64/libCTRE_PhoenixCCI.so;/home/mo/mosey/src/talon_controller/lib/arm64/libCTRE_PhoenixTools.so
-- Phoenix lib:       /home/mo/mosey/src/talon_controller/lib/arm64/libCTRE_Phoenix.so
-- PhoenixCCI lib:    /home/mo/mosey/src/talon_controller/lib/arm64/libCTRE_PhoenixCCI.so
-- PhoenixTools lib:  /home/mo/mosey/src/talon_controller/lib/arm64/libCTRE_PhoenixTools.so
-- Found ament_lint_auto: 0.20.6 (/opt/ros/lyrical/share/ament_lint_auto/cmake)
-- Added test 'cppcheck' to perform static code analysis on C / C++ code
-- Configured cppcheck include dirs: /home/mo/mosey/src/talon_controller/include
-- Configured cppcheck exclude dirs and/or files: 
-- Added test 'flake8' to check Python code syntax and style conventions
-- Configured 'flake8' exclude dirs and/or files: 
-- Added test 'lint_cmake' to check CMake code style
-- Added test 'pep257' to check Python code against some of the docstring style conventions in PEP 257
-- Added test 'uncrustify' to check C / C++ code style
-- Configured uncrustify additional arguments: 
-- Added test 'xmllint' to check XML markup files
-- Configuring done (1.5s)
-- Generating done (0.0s)
-- Build files have been written to: /home/mo/mosey/src/talon_controller/build/talon_controller
[ 50%] [32mBuilding CXX object CMakeFiles/talon_controller.dir/src/talon_controller.cpp.o[0m
[100%] [1m[32mLinking CXX executable talon_controller[0m
[100%] Built target talon_controller
-- Install configuration: ""
-- Installing: /home/mo/mosey/src/talon_controller/install/talon_controller/lib/talon_controller/talon_controller
-- Set non-toolchain portion of runtime path of "/home/mo/mosey/src/talon_controller/install/talon_controller/lib/talon_controller/talon_controller" to ""
-- Installing: /home/mo/mosey/src/talon_controller/install/talon_controller/lib/talon_controller/libCTRE_Phoenix.so
-- Installing: /home/mo/mosey/src/talon_controller/install/talon_controller/lib/talon_controller/libCTRE_PhoenixCCI.so
-- Installing: /home/mo/mosey/src/talon_controller/install/talon_controller/lib/talon_controller/libCTRE_PhoenixTools.so
-- Installing: /home/mo/mosey/src/talon_controller/install/talon_controller/share/ament_index/resource_index/package_run_dependencies/talon_controller
-- Installing: /home/mo/mosey/src/talon_controller/install/talon_controller/share/ament_index/resource_index/parent_prefix_path/talon_controller
-- Installing: /home/mo/mosey/src/talon_controller/install/talon_controller/share/talon_controller/environment/ament_prefix_path.sh
-- Installing: /home/mo/mosey/src/talon_controller/install/talon_controller/share/talon_controller/environment/ament_prefix_path.dsv
-- Installing: /home/mo/mosey/src/talon_controller/install/talon_controller/share/talon_controller/environment/path.sh
-- Installing: /home/mo/mosey/src/talon_controller/install/talon_controller/share/talon_controller/environment/path.dsv
-- Installing: /home/mo/mosey/src/talon_controller/install/talon_controller/share/talon_controller/local_setup.bash
-- Installing: /home/mo/mosey/src/talon_controller/install/talon_controller/share/talon_controller/local_setup.fish
-- Installing: /home/mo/mosey/src/talon_controller/install/talon_controller/share/talon_controller/local_setup.sh
-- Installing: /home/mo/mosey/src/talon_controller/install/talon_controller/share/talon_controller/local_setup.zsh
-- Installing: /home/mo/mosey/src/talon_controller/install/talon_controller/share/talon_controller/local_setup.dsv
-- Installing: /home/mo/mosey/src/talon_controller/install/talon_controller/share/talon_controller/package.dsv
-- Installing: /home/mo/mosey/src/talon_controller/install/talon_controller/share/ament_index/resource_index/packages/talon_controller
-- Installing: /home/mo/mosey/src/talon_controller/install/talon_controller/share/talon_controller/cmake/talon_controllerConfig.cmake
-- Installing: /home/mo/mosey/src/talon_controller/install/talon_controller/share/talon_controller/cmake/talon_controllerConfig-version.cmake
-- Installing: /home/mo/mosey/src/talon_controller/install/talon_controller/share/talon_controller/package.xml
