-- Found ament_cmake: 2.8.7 (/opt/ros/lyrical/share/ament_cmake/cmake)
-- Phoenix libs dir: /home/mo/mosey/src/talon_controller/lib/arm64
-- Found .so files: /home/mo/mosey/src/talon_controller/lib/arm64/libCTRE_Phoenix.so;/home/mo/mosey/src/talon_controller/lib/arm64/libCTRE_PhoenixCCI.so;/home/mo/mosey/src/talon_controller/lib/arm64/libCTRE_PhoenixTools.so
-- Phoenix lib:       /home/mo/mosey/src/talon_controller/lib/arm64/libCTRE_Phoenix.so
-- PhoenixCCI lib:    /home/mo/mosey/src/talon_controller/lib/arm64/libCTRE_PhoenixCCI.so
-- PhoenixTools lib:  /home/mo/mosey/src/talon_controller/lib/arm64/libCTRE_PhoenixTools.so
-- Found ament_lint_auto: 0.20.6 (/opt/ros/lyrical/share/ament_lint_auto/cmake)
-- Added test 'cppcheck' to perform static code analysis on C / C++ code
-- Configured cppcheck include dirs: /home/mo/mosey/src/talon_controller/include
-- Configured cppcheck exclude dirs and/or files: 
-- Added test 'flake8' to check Python code syntax and style conventions
-- Configured 'flake8' exclude dirs and/or files: 
-- Added test 'lint_cmake' to check CMake code style
-- Added test 'pep257' to check Python code against some of the docstring style conventions in PEP 257
-- Added test 'uncrustify' to check C / C++ code style
-- Configured uncrustify additional arguments: 
-- Added test 'xmllint' to check XML markup files
-- Configuring done (1.5s)
-- Generating done (0.0s)
-- Build files have been written to: /home/mo/mosey/src/talon_controller/build/talon_controller
[ 50%] [32mBuilding CXX object CMakeFiles/talon_controller.dir/src/talon_controller.cpp.o[0m
[01m[K/home/mo/mosey/src/talon_controller/src/talon_controller.cpp:10:10:[m[K [01;31m[Kfatal error: [m[Krclcpp/rclcpp.hpp: No such file or directory
   10 | #include [01;31m[K"rclcpp/rclcpp.hpp"[m[K
      |          [01;31m[K^~~~~~~~~~~~~~~~~~~[m[K
compilation terminated.
gmake[2]: *** [CMakeFiles/talon_controller.dir/build.make:79: CMakeFiles/talon_controller.dir/src/talon_controller.cpp.o] Error 1
gmake[1]: *** [CMakeFiles/Makefile2:153: CMakeFiles/talon_controller.dir/all] Error 2
gmake: *** [Makefile:146: all] Error 2
