[0.037s] Invoking command in '/home/mo/mosey/src/talon_controller/build/talon_controller': CMAKE_PREFIX_PATH=/opt/ros/lyrical /usr/bin/cmake --build /home/mo/mosey/src/talon_controller/build/talon_controller -- -j4 -l4
[0.113s] -- Found ament_cmake: 2.8.7 (/opt/ros/lyrical/share/ament_cmake/cmake)
[0.865s] -- Phoenix libs dir: /home/mo/mosey/src/talon_controller/lib/arm64
[0.865s] -- Found .so files: /home/mo/mosey/src/talon_controller/lib/arm64/libCTRE_Phoenix.so;/home/mo/mosey/src/talon_controller/lib/arm64/libCTRE_PhoenixCCI.so;/home/mo/mosey/src/talon_controller/lib/arm64/libCTRE_PhoenixTools.so
[0.866s] -- Phoenix lib:       /home/mo/mosey/src/talon_controller/lib/arm64/libCTRE_Phoenix.so
[0.866s] -- PhoenixCCI lib:    /home/mo/mosey/src/talon_controller/lib/arm64/libCTRE_PhoenixCCI.so
[0.866s] -- PhoenixTools lib:  /home/mo/mosey/src/talon_controller/lib/arm64/libCTRE_PhoenixTools.so
[0.867s] -- Found ament_lint_auto: 0.20.6 (/opt/ros/lyrical/share/ament_lint_auto/cmake)
[1.373s] -- Added test 'cppcheck' to perform static code analysis on C / C++ code
[1.373s] -- Configured cppcheck include dirs: /home/mo/mosey/src/talon_controller/include
[1.373s] -- Configured cppcheck exclude dirs and/or files: 
[1.388s] -- Added test 'flake8' to check Python code syntax and style conventions
[1.388s] -- Configured 'flake8' exclude dirs and/or files: 
[1.417s] -- Added test 'lint_cmake' to check CMake code style
[1.431s] -- Added test 'pep257' to check Python code against some of the docstring style conventions in PEP 257
[1.542s] -- Added test 'uncrustify' to check C / C++ code style
[1.542s] -- Configured uncrustify additional arguments: 
[1.557s] -- Added test 'xmllint' to check XML markup files
[1.560s] -- Configuring done (1.5s)
[1.591s] -- Generating done (0.0s)
[1.601s] -- Build files have been written to: /home/mo/mosey/src/talon_controller/build/talon_controller
[1.704s] [ 50%] [32mBuilding CXX object CMakeFiles/talon_controller.dir/src/talon_controller.cpp.o[0m
[2.091s] [01m[K/home/mo/mosey/src/talon_controller/src/talon_controller.cpp:10:10:[m[K [01;31m[Kfatal error: [m[Krclcpp/rclcpp.hpp: No such file or directory
[2.092s]    10 | #include [01;31m[K"rclcpp/rclcpp.hpp"[m[K
[2.092s]       |          [01;31m[K^~~~~~~~~~~~~~~~~~~[m[K
[2.092s] compilation terminated.
[2.099s] gmake[2]: *** [CMakeFiles/talon_controller.dir/build.make:79: CMakeFiles/talon_controller.dir/src/talon_controller.cpp.o] Error 1
[2.100s] gmake[1]: *** [CMakeFiles/Makefile2:153: CMakeFiles/talon_controller.dir/all] Error 2
[2.100s] gmake: *** [Makefile:146: all] Error 2
[2.106s] Invoked command in '/home/mo/mosey/src/talon_controller/build/talon_controller' returned '2': CMAKE_PREFIX_PATH=/opt/ros/lyrical /usr/bin/cmake --build /home/mo/mosey/src/talon_controller/build/talon_controller -- -j4 -l4
